../Core/Src/main.c:94:5:main	8	static
../Core/Src/main.c:172:6:SystemClock_Config	88	static
../Core/Src/main.c:218:13:MX_TIM3_Init	64	static
../Core/Src/main.c:277:13:MX_USART2_UART_Init	8	static
../Core/Src/main.c:310:13:MX_USART6_UART_Init	8	static
../Core/Src/main.c:343:13:MX_GPIO_Init	48	static
../Core/Src/main.c:376:6:MX_GPIO_LED_ON	16	static
../Core/Src/main.c:380:6:MX_GPIO_LED_OFF	16	static
../Core/Src/main.c:385:6:bluetooth_Event	152	static
../Core/Src/main.c:441:6:check_and_move_servo	16	static
../Core/Src/main.c:466:1:__io_putchar	16	static
../Core/Src/main.c:474:6:HAL_UART_RxCpltCallback	16	static
../Core/Src/main.c:515:6:Error_Handler	4	static,ignoring_inline_asm
